[    0.000000] Linux version 4.15.0-212-generic (buildd@lcy02-amd64-083) (gcc version 7.5.0 (Ubuntu 7.5.0-3ubuntu1~18.04)) #223-Ubuntu SMP Tue May 23 13:09:22 UTC 2023 (Ubuntu 4.15.0-212.223-generic 4.15.18)
[    0.000000] Command line: BOOT_IMAGE=/boot/vmlinuz-4.15.0-212-generic root=LABEL=cloudimg-rootfs ro console=tty1 console=ttyS0
[    0.000000] KERNEL supported cpus:
[    0.000000]   Intel GenuineIntel
[    0.000000]   AMD AuthenticAMD
[    0.000000]   Centaur CentaurHauls
[    0.000000] x86/fpu: Supporting XSAVE feature 0x001: 'x87 floating point registers'
[    0.000000] x86/fpu: Supporting XSAVE feature 0x002: 'SSE registers'
[    0.000000] x86/fpu: Supporting XSAVE feature 0x004: 'AVX registers'
[    0.000000] x86/fpu: xstate_offset[2]:  576, xstate_sizes[2]:  256
[    0.000000] x86/fpu: Enabled xstate features 0x7, context size is 832 bytes, using 'standard' format.
[    0.000000] e820: BIOS-provided physical RAM map:
[    0.000000] BIOS-e820: [mem 0x0000000000000000-0x000000000009fbff] usable
[    0.000000] BIOS-e820: [mem 0x000000000009fc00-0x000000000009ffff] reserved
[    0.000000] BIOS-e820: [mem 0x00000000000f0000-0x00000000000fffff] reserved
[    0.000000] BIOS-e820: [mem 0x0000000000100000-0x000000001ffeffff] usable
[    0.000000] BIOS-e820: [mem 0x000000001fff0000-0x000000001fffffff] ACPI data
[    0.000000] BIOS-e820: [mem 0x00000000fec00000-0x00000000fec00fff] reserved
[    0.000000] BIOS-e820: [mem 0x00000000fee00000-0x00000000fee00fff] reserved
[    0.000000] BIOS-e820: [mem 0x00000000fffc0000-0x00000000ffffffff] reserved
[    0.000000] NX (Execute Disable) protection: active
[    0.000000] SMBIOS 2.5 present.
[    0.000000] DMI: innotek GmbH VirtualBox/VirtualBox, BIOS VirtualBox 12/01/2006
[    0.000000] Hypervisor detected: KVM
[    0.000000] e820: last_pfn = 0x1fff0 max_arch_pfn = 0x400000000
[    0.000000] MTRR: Disabled
[    0.000000] x86/PAT: MTRRs disabled, skipping PAT initialization too.
[    0.000000] CPU MTRRs all blank - virtualized system.
[    0.000000] x86/PAT: Configuration [0-7]: WB  WT  UC- UC  WB  WT  UC- UC  
[    0.000000] found SMP MP-table at [mem 0x0009fff0-0x0009ffff]
[    0.000000] Scanning 1 areas for low memory corruption
[    0.000000] RAMDISK: [mem 0x1dafa000-0x1ee0bfff]
[    0.000000] ACPI: Early table checksum verification disabled
[    0.000000] ACPI: RSDP 0x00000000000E0000 000024 (v02 VBOX  )
[    0.000000] ACPI: XSDT 0x000000001FFF0030 00003C (v01 VBOX   VBOXXSDT 00000001 ASL  00000061)
[    0.000000] ACPI: FACP 0x000000001FFF00F0 0000F4 (v04 VBOX   VBOXFACP 00000001 ASL  00000061)
[    0.000000] ACPI: DSDT 0x000000001FFF0610 002353 (v02 VBOX   VBOXBIOS 00000002 INTL 20230628)
[    0.000000] ACPI: FACS 0x000000001FFF0200 000040
[    0.000000] ACPI: FACS 0x000000001FFF0200 000040
[    0.000000] ACPI: APIC 0x000000001FFF0240 000054 (v02 VBOX   VBOXAPIC 00000001 ASL  00000061)
[    0.000000] ACPI: SSDT 0x000000001FFF02A0 00036C (v01 VBOX   VBOXCPUT 00000002 INTL 20230628)
[    0.000000] ACPI: Reserving FACP table memory at [mem 0x1fff00f0-0x1fff01e3]
[    0.000000] ACPI: Reserving DSDT table memory at [mem 0x1fff0610-0x1fff2962]
[    0.000000] ACPI: Reserving FACS table memory at [mem 0x1fff0200-0x1fff023f]
[    0.000000] ACPI: Reserving FACS table memory at [mem 0x1fff0200-0x1fff023f]
[    0.000000] ACPI: Reserving APIC table memory at [mem 0x1fff0240-0x1fff0293]
[    0.000000] ACPI: Reserving SSDT table memory at [mem 0x1fff02a0-0x1fff060b]
[    0.000000] No NUMA configuration found
[    0.000000] Faking a node at [mem 0x0000000000000000-0x000000001ffeffff]
[    0.000000] NODE_DATA(0) allocated [mem 0x1ffc5000-0x1ffeffff]
[    0.000000] kvm-clock: cpu 0, msr 0:1ff44001, primary cpu clock
[    0.000000] kvm-clock: Using msrs 4b564d01 and 4b564d00
[    0.000000] kvm-clock: using sched offset of 3826660168 cycles
[    0.000000] clocksource: kvm-clock: mask: 0xffffffffffffffff max_cycles: 0x1cd42e4dffb, max_idle_ns: 881590591483 ns
[    0.000000] Zone ranges:
[    0.000000]   DMA      [mem 0x0000000000001000-0x0000000000ffffff]
[    0.000000]   DMA32    [mem 0x0000000001000000-0x000000001ffeffff]
[    0.000000]   Normal   empty
[    0.000000]   Device   empty
[    0.000000] Movable zone start for each node
[    0.000000] Early memory node ranges
[    0.000000]   node   0: [mem 0x0000000000001000-0x000000000009efff]
[    0.000000]   node   0: [mem 0x0000000000100000-0x000000001ffeffff]
[    0.000000] Reserved but unavailable: 104 pages
[    0.000000] Initmem setup node 0 [mem 0x0000000000001000-0x000000001ffeffff]
[    0.000000] ACPI: PM-Timer IO Port: 0x4008
[    0.000000] IOAPIC[0]: apic_id 1, version 32, address 0xfec00000, GSI 0-23
[    0.000000] ACPI: INT_SRC_OVR (bus 0 bus_irq 0 global_irq 2 dfl dfl)
[    0.000000] ACPI: INT_SRC_OVR (bus 0 bus_irq 9 global_irq 9 low level)
[    0.000000] Using ACPI (MADT) for SMP configuration information
[    0.000000] smpboot: Allowing 1 CPUs, 0 hotplug CPUs
[    0.000000] PM: Registered nosave memory: [mem 0x00000000-0x00000fff]
[    0.000000] PM: Registered nosave memory: [mem 0x0009f000-0x0009ffff]
[    0.000000] PM: Registered nosave memory: [mem 0x000a0000-0x000effff]
[    0.000000] PM: Registered nosave memory: [mem 0x000f0000-0x000fffff]
[    0.000000] e820: [mem 0x20000000-0xfebfffff] available for PCI devices
[    0.000000] Booting paravirtualized kernel on KVM
[    0.000000] clocksource: refined-jiffies: mask: 0xffffffff max_cycles: 0xffffffff, max_idle_ns: 7645519600211568 ns
[    0.000000] setup_percpu: NR_CPUS:8192 nr_cpumask_bits:1 nr_cpu_ids:1 nr_node_ids:1
[    0.000000] percpu: Embedded 50 pages/cpu s167936 r8192 d28672 u2097152
[    0.000000] PV qspinlock hash table entries: 256 (order: 0, 4096 bytes)
[    0.000000] Built 1 zonelists, mobility grouping on.  Total pages: 128889
[    0.000000] Policy zone: DMA32
[    0.000000] Kernel command line: BOOT_IMAGE=/boot/vmlinuz-4.15.0-212-generic root=LABEL=cloudimg-rootfs ro console=tty1 console=ttyS0
[    0.000000] Memory: 466748K/523832K available (12300K kernel code, 2477K rwdata, 4324K rodata, 2480K init, 2720K bss, 57084K reserved, 0K cma-reserved)
[    0.000000] SLUB: HWalign=64, Order=0-3, MinObjects=0, CPUs=1, Nodes=1
[    0.000000] Kernel/User page tables isolation: enabled
[    0.000000] ftrace: allocating 39508 entries in 155 pages
[    0.004000] Hierarchical RCU implementation.
[    0.004000] 	RCU restricting CPUs from NR_CPUS=8192 to nr_cpu_ids=1.
[    0.004000] 	Tasks RCU enabled.
[    0.004000] RCU: Adjusting geometry for rcu_fanout_leaf=16, nr_cpu_ids=1
[    0.004000] NR_IRQS: 524544, nr_irqs: 256, preallocated irqs: 16
[    0.004000] random: crng init done
[    0.004000] Console: colour VGA+ 80x25
[    0.004000] console [tty1] enabled
[    0.004000] console [ttyS0] enabled
[    0.004000] ACPI: Core revision 20170831
[    0.004000] ACPI: 2 ACPI AML tables successfully acquired and loaded
[    0.004000] APIC: Switch to symmetric I/O mode setup
[    0.004000] x2apic enabled
[    0.004000] Switched APIC routing to physical x2apic.
[    0.006716] ..TIMER: vector=0x30 apic1=0 pin1=2 apic2=-1 pin2=-1
[    0.008005] tsc: Detected 2495.998 MHz processor
[    0.009560] Calibrating delay loop (skipped) preset value.. 4991.99 BogoMIPS (lpj=9983992)
[    0.012003] pid_max: default: 32768 minimum: 301
[    0.013710] Security Framework initialized
[    0.016003] Yama: becoming mindful.
[    0.017665] AppArmor: AppArmor initialized
[    0.019208] Dentry cache hash table entries: 65536 (order: 7, 524288 bytes)
[    0.020053] Inode-cache hash table entries: 32768 (order: 6, 262144 bytes)
[    0.024018] Mount-cache hash table entries: 1024 (order: 1, 8192 bytes)
[    0.026595] Mountpoint-cache hash table entries: 1024 (order: 1, 8192 bytes)
[    0.028519] process: using mwait in idle threads
[    0.032011] Last level iTLB entries: 4KB 0, 2MB 0, 4MB 0
[    0.033782] Last level dTLB entries: 4KB 0, 2MB 0, 4MB 0, 1GB 0
[    0.036007] Spectre V1 : Mitigation: usercopy/swapgs barriers and __user pointer sanitization
[    0.038712] Spectre V2 : Mitigation: Retpolines
[    0.040002] Spectre V2 : Spectre v2 / SpectreRSB mitigation: Filling RSB on context switch
[    0.042586] Spectre V2 : Spectre v2 / SpectreRSB : Filling RSB on VMEXIT
[    0.044002] Speculative Store Bypass: Vulnerable
[    0.045582] MDS: Mitigation: Clear CPU buffers
[    0.070700] Freeing SMP alternatives memory: 36K
[    0.184879] smpboot: CPU0: 12th Gen Intel(R) Core(TM) i5-12450H (family: 0x6, model: 0x9a, stepping: 0x3)
[    0.188000] Performance Events: unsupported p6 CPU model 154 no PMU driver, software events only.
[    0.188068] Hierarchical SRCU implementation.
[    0.192436] NMI watchdog: Perf event create on CPU 0 failed with -2
[    0.196004] NMI watchdog: Perf NMI watchdog permanently disabled
[    0.198627] smp: Bringing up secondary CPUs ...
[    0.200005] smp: Brought up 1 node, 1 CPU
[    0.201785] smpboot: Max logical packages: 1
[    0.204004] smpboot: Total of 1 processors activated (4991.99 BogoMIPS)
[    0.206999] devtmpfs: initialized
[    0.208112] x86/mm: Memory block size: 128MB
[    0.209951] evm: security.selinux
[    0.212005] evm: security.SMACK64
[    0.213446] evm: security.SMACK64EXEC
[    0.214981] evm: security.SMACK64TRANSMUTE
[    0.216003] evm: security.SMACK64MMAP
[    0.217377] evm: security.apparmor
[    0.218666] evm: security.ima
[    0.220003] evm: security.capability
[    0.221541] clocksource: jiffies: mask: 0xffffffff max_cycles: 0xffffffff, max_idle_ns: 7645041785100000 ns
[    0.224019] futex hash table entries: 256 (order: 2, 16384 bytes)
[    0.228093] pinctrl core: initialized pinctrl subsystem
[    0.232271] RTC time: 12:02:54, date: 09/18/26
[    0.235183] NET: Registered protocol family 16
[    0.236109] audit: initializing netlink subsys (disabled)
[    0.238388] cpuidle: using governor ladder
[    0.240003] cpuidle: using governor menu
[    0.241720] ACPI: bus type PCI registered
[    0.244004] acpiphp: ACPI Hot Plug PCI Controller Driver version: 0.5
[    0.246604] audit: type=2000 audit(1789732979.856:1): state=initialized audit_enabled=0 res=1
[    0.248166] PCI: Using configuration type 1 for base access
[    0.253713] HugeTLB registered 2.00 MiB page size, pre-allocated 0 pages
[    0.256254] ACPI: Added _OSI(Module Device)
[    0.257693] ACPI: Added _OSI(Processor Device)
[    0.259294] ACPI: Added _OSI(3.0 _SCP Extensions)
[    0.260021] ACPI: Added _OSI(Processor Aggregator Device)
[    0.264011] ACPI: Added _OSI(Linux-Dell-Video)
[    0.265534] ACPI: Added _OSI(Linux-Lenovo-NV-HDMI-Audio)
[    0.267299] ACPI: Added _OSI(Linux-HPI-Hybrid-Graphics)
[    0.268534] ACPI: Executed 1 blocks of module-level executable AML code
[    0.277256] ACPI: Interpreter enabled
[    0.278532] ACPI: (supports S0 S5)
[    0.279612] ACPI: Using IOAPIC for interrupt routing
[    0.280318] PCI: Using host bridge windows from ACPI; if necessary, use "pci=nocrs" and report a bug
[    0.283137] ACPI: Enabled 2 GPEs in block 00 to 07
[    0.294214] ACPI: PCI Root Bridge [PCI0] (domain 0000 [bus 00-ff])
[    0.296000] acpi PNP0A03:00: _OSC: OS supports [ASPM ClockPM Segments MSI]
[    0.296793] acpi PNP0A03:00: _OSC: not requesting OS control; OS requires [ExtendedConfig ASPM ClockPM MSI]
[    0.300019] acpi PNP0A03:00: fail to add MMCONFIG information, can't access extended PCI configuration space under this bridge.
[    0.304607] PCI host bridge to bus 0000:00
[    0.308006] pci_bus 0000:00: root bus resource [io  0x0000-0x0cf7 window]
[    0.310340] pci_bus 0000:00: root bus resource [io  0x0d00-0xffff window]
[    0.312005] pci_bus 0000:00: root bus resource [mem 0x000a0000-0x000bffff window]
[    0.314548] pci_bus 0000:00: root bus resource [mem 0x20000000-0xfdffffff window]
[    0.316005] pci_bus 0000:00: root bus resource [bus 00-ff]
[    0.325673] pci 0000:00:01.1: legacy IDE quirk: reg 0x10: [io  0x01f0-0x01f7]
[    0.328000] pci 0000:00:01.1: legacy IDE quirk: reg 0x14: [io  0x03f6]
[    0.328004] pci 0000:00:01.1: legacy IDE quirk: reg 0x18: [io  0x0170-0x0177]
[    0.332003] pci 0000:00:01.1: legacy IDE quirk: reg 0x1c: [io  0x0376]
[    0.352782] pci 0000:00:07.0: quirk: [io  0x4000-0x403f] claimed by PIIX4 ACPI
[    0.355466] pci 0000:00:07.0: quirk: [io  0x4100-0x410f] claimed by PIIX4 SMB
[    0.369662] ACPI: PCI Interrupt Link [LNKA] (IRQs 5 9 10 *11)
[    0.372172] ACPI: PCI Interrupt Link [LNKB] (IRQs 5 9 *10 11)
[    0.374595] ACPI: PCI Interrupt Link [LNKC] (IRQs 5 *9 10 11)
[    0.376238] ACPI: PCI Interrupt Link [LNKD] (IRQs 5 9 10 *11)
[    0.380532] SCSI subsystem initialized
[    0.382302] pci 0000:00:02.0: vgaarb: setting as boot VGA device
[    0.384000] pci 0000:00:02.0: vgaarb: VGA device added: decodes=io+mem,owns=io+mem,locks=none
[    0.384011] pci 0000:00:02.0: vgaarb: bridge control possible
[    0.388004] vgaarb: loaded
[    0.389246] ACPI: bus type USB registered
[    0.392034] usbcore: registered new interface driver usbfs
[    0.394167] usbcore: registered new interface driver hub
[    0.396031] usbcore: registered new device driver usb
[    0.398448] EDAC MC: Ver: 3.0.0
[    0.400677] PCI: Using ACPI for IRQ routing
[    0.404672] NetLabel: Initializing
[    0.406343] NetLabel:  domain hash size = 128
[    0.408005] NetLabel:  protocols = UNLABELED CIPSOv4 CALIPSO
[    0.411088] NetLabel:  unlabeled traffic allowed by default
[    0.412270] clocksource: Switched to clocksource kvm-clock
[    0.438923] VFS: Disk quotas dquot_6.6.0
[    0.443773] VFS: Dquot-cache hash table entries: 512 (order 0, 4096 bytes)
[    0.450360] AppArmor: AppArmor Filesystem Enabled
[    0.456573] pnp: PnP ACPI init
[    0.467838] pnp: PnP ACPI: found 3 devices
[    0.485979] clocksource: acpi_pm: mask: 0xffffff max_cycles: 0xffffff, max_idle_ns: 2085701024 ns
[    0.517747] NET: Registered protocol family 2
[    0.525223] IP idents hash table entries: 8192 (order: 4, 65536 bytes)
[    0.533924] TCP established hash table entries: 4096 (order: 3, 32768 bytes)
[    0.539124] TCP bind hash table entries: 4096 (order: 4, 65536 bytes)
[    0.543315] TCP: Hash tables configured (established 4096 bind 4096)
[    0.550108] UDP hash table entries: 256 (order: 1, 8192 bytes)
[    0.554358] UDP-Lite hash table entries: 256 (order: 1, 8192 bytes)
[    0.558216] NET: Registered protocol family 1
[    0.560877] pci 0000:00:00.0: Limiting direct PCI/PCI transfers
[    0.565272] pci 0000:00:01.0: Activating ISA DMA hang workarounds
[    0.569441] pci 0000:00:02.0: Video device with shadowed ROM at [mem 0x000c0000-0x000dffff]
[    0.575757] Unpacking initramfs...
[    1.177155] Freeing initrd memory: 19528K
[    1.178866] clocksource: tsc: mask: 0xffffffffffffffff max_cycles: 0x23fa754787d, max_idle_ns: 440795210092 ns
[    1.181350] platform rtc_cmos: registered platform RTC device (no PNP device found)
[    1.183441] Scanning for low memory corruption every 60 seconds
[    1.185952] Initialise system trusted keyrings
[    1.187303] Key type blacklist registered
[    1.188595] workingset: timestamp_bits=36 max_order=17 bucket_order=0
[    1.191414] zbud: loaded
[    1.192989] squashfs: version 4.0 (2009/01/31) Phillip Lougher
[    1.194730] fuse init (API version 7.26)
[    1.196357] Key type asymmetric registered
[    1.198172] Asymmetric key parser 'x509' registered
[    1.199875] Block layer SCSI generic (bsg) driver version 0.4 loaded (major 246)
[    1.202340] io scheduler noop registered
[    1.203758] io scheduler deadline registered
[    1.205362] io scheduler cfq registered (default)
[    1.207480] ACPI: AC Adapter [AC] (on-line)
[    1.209132] input: Power Button as /devices/LNXSYSTM:00/LNXPWRBN:00/input/input0
[    1.211795] ACPI: Power Button [PWRF]
[    1.213372] input: Sleep Button as /devices/LNXSYSTM:00/LNXSLPBN:00/input/input1
[    1.215911] ACPI: Sleep Button [SLPF]
[    1.219388] ACPI: Battery Slot [BAT0] (battery present)
[    1.221717] Serial: 8250/16550 driver, 32 ports, IRQ sharing enabled
[    1.248125] 00:02: ttyS0 at I/O 0x3f8 (irq = 4, base_baud = 115200) is a 16550A
[    1.253302] Linux agpgart interface v0.103
[    1.257081] loop: module loaded
[    1.259359] scsi host0: ata_piix
[    1.260885] scsi host1: ata_piix
[    1.262270] ata1: PATA max UDMA/33 cmd 0x1f0 ctl 0x3f6 bmdma 0xd000 irq 14
[    1.264766] ata2: PATA max UDMA/33 cmd 0x170 ctl 0x376 bmdma 0xd008 irq 15
[    1.268591] tun: Universal TUN/TAP device driver, 1.6
[    1.270837] PPP generic driver version 2.4.2
[    1.272781] ehci_hcd: USB 2.0 'Enhanced' Host Controller (EHCI) Driver
[    1.275129] ehci-pci: EHCI PCI platform driver
[    1.276967] ehci-platform: EHCI generic platform driver
[    1.278888] ohci_hcd: USB 1.1 'Open' Host Controller (OHCI) Driver
[    1.281385] ohci-pci: OHCI PCI platform driver
[    1.283176] ohci-platform: OHCI generic platform driver
[    1.285169] uhci_hcd: USB Universal Host Controller Interface driver
[    1.287561] i8042: PNP: PS/2 Controller [PNP0303:PS2K,PNP0f03:PS2M] at 0x60,0x64 irq 1,12
[    1.291613] serio: i8042 KBD port at 0x60,0x64 irq 1
[    1.293583] serio: i8042 AUX port at 0x60,0x64 irq 12
[    1.295489] mousedev: PS/2 mouse device common for all mice
[    1.297898] input: AT Translated Set 2 keyboard as /devices/platform/i8042/serio0/input/input2
[    1.301554] rtc_cmos rtc_cmos: rtc core: registered rtc_cmos as rtc0
[    1.304774] rtc_cmos rtc_cmos: alarms up to one day, 114 bytes nvram
[    1.307599] i2c /dev entries driver
[    1.309667] device-mapper: uevent: version 1.0.3
[    1.312257] device-mapper: ioctl: 4.37.0-ioctl (2017-09-20) initialised: dm-devel@redhat.com
[    1.315883] ledtrig-cpu: registered to indicate activity on CPUs
[    1.318529] NET: Registered protocol family 10
[    1.324577] Segment Routing with IPv6
[    1.326362] NET: Registered protocol family 17
[    1.327811] Key type dns_resolver registered
[    1.329372] mce: Using 0 MCE banks
[    1.330516] RAS: Correctable Errors collector initialized.
[    1.332234] sched_clock: Marking stable (1329212172, 0)->(1672429466, -343217294)
[    1.335254] registered taskstats version 1
[    1.337012] Loading compiled-in X.509 certificates
[    1.342970] Loaded X.509 cert 'Build time autogenerated kernel key: b5b26778eaa3ab3a4a6cee031137706e947d12ad'
[    1.347571] Loaded X.509 cert 'Canonical Ltd. Live Patch Signing: 14df34d1a87cf37625abec039ef2bf521249b969'
[    1.351645] Loaded X.509 cert 'Canonical Ltd. Kernel Module Signing: 88f752e560a1e0737e31163a466ad7b70a850c19'
[    1.354860] blacklist: Loading compiled-in revocation X.509 certificates
[    1.357124] Loaded X.509 cert 'Canonical Ltd. Secure Boot Signing: 61482aa2830d0ab2ad5af10b7250da9033ddcef0'
[    1.360234] Loaded X.509 cert 'Canonical Ltd. Secure Boot Signing (2017): 242ade75ac4a15e50d50c84b0d45ff3eae707a03'
[    1.363495] Loaded X.509 cert 'Canonical Ltd. Secure Boot Signing (ESM 2018): 365188c1d374d6b07c3c8f240f8ef722433d6a8b'
[    1.366829] Loaded X.509 cert 'Canonical Ltd. Secure Boot Signing (2019): c0746fd6c5da3ae827864651ad66ae47fe24b3e8'
[    1.370102] Loaded X.509 cert 'Canonical Ltd. Secure Boot Signing (2021 v1): a8d54bbb3825cfb94fa13c9f8a594a195c107b8d'
[    1.373527] Loaded X.509 cert 'Canonical Ltd. Secure Boot Signing (2021 v2): 4cf046892d6fd3c9a5b03f98d845f90851dc6a8c'
[    1.377363] Loaded X.509 cert 'Canonical Ltd. Secure Boot Signing (2021 v3): 100437bb6de6e469b581e61cd66bce3ef4ed53af'
[    1.381321] Loaded X.509 cert 'Canonical Ltd. Secure Boot Signing (Ubuntu Core 2019): c1d57b8f6b743f23ee41f4f7ee292f06eecadfb9'
[    1.385639] zswap: loaded using pool lzo/zbud
[    1.392260] Key type big_key registered
[    1.393748] Key type trusted registered
[    1.397264] Key type encrypted registered
[    1.398831] AppArmor: AppArmor sha1 policy hashing enabled
[    1.400558] ima: No TPM chip found, activating TPM-bypass! (rc=-19)
[    1.402529] ima: Allocated hash algorithm: sha1
[    1.404100] evm: HMAC attrs: 0x1
[    1.405784]   Magic number: 10:604:26
[    1.407210] rtc_cmos rtc_cmos: setting system clock to 2026-09-18 12:02:55 UTC (1789732975)
[    1.410327] BIOS EDD facility v0.16 2004-Jun-25, 0 devices found
[    1.412500] EDD information not available.
[    1.453455] Freeing unused kernel image memory: 2480K
[    1.460216] Write protecting the kernel read-only data: 20480k
[    1.463109] Freeing unused kernel image memory: 2008K
[    1.465476] Freeing unused kernel image memory: 1820K
[    1.479262] x86/mm: Checked W+X mappings: passed, no W+X pages found.
[    1.482708] x86/mm: Checking user space page tables
[    1.497687] x86/mm: Checked W+X mappings: passed, no W+X pages found.
Loading, please wait...
starting version 237
[    1.642590] e1000: Intel(R) PRO/1000 Network Driver - version 7.3.21-k8-NAPI
[    1.644530] e1000: Copyright (c) 1999-2006 Intel Corporation.
[    1.651747] Fusion MPT base driver 3.04.20
[    1.653233] Copyright (c) 1999-2008 LSI Corporation
[    1.668005] Fusion MPT SPI Host driver 3.04.20
[    1.716599] AVX2 version of gcm_enc/dec engaged.
[    1.718488] AES CTR mode by8 optimization enabled
[    1.872047] input: ImExPS/2 Generic Explorer Mouse as /devices/platform/i8042/serio1/input/input4
[    2.190500] e1000 0000:00:03.0 eth0: (PCI:33MHz:32-bit) 02:3b:7b:b7:3b:2d
[    2.193316] e1000 0000:00:03.0 eth0: Intel(R) PRO/1000 Network Connection
[    2.198091] mptbase: ioc0: Initiating bringup
[    2.304652] ioc0: LSI53C1030 A0: Capabilities={Initiator}
[    2.548212] scsi host2: ioc0: LSI53C1030 A0, FwRev=00000000h, Ports=1, MaxQ=256, IRQ=20
[    2.721044] scsi 2:0:0:0: Direct-Access     VBOX     HARDDISK         1.0  PQ: 0 ANSI: 5
[    2.725334] scsi target2:0:0: Beginning Domain Validation
[    2.737513] scsi target2:0:0: Domain Validation skipping write tests
[    2.740869] scsi target2:0:0: Ending Domain Validation
[    2.744086] scsi target2:0:0: asynchronous
[    2.748590] scsi 2:0:1:0: Direct-Access     VBOX     HARDDISK         1.0  PQ: 0 ANSI: 5
[    2.752795] scsi target2:0:1: Beginning Domain Validation
[    2.758113] scsi target2:0:1: Domain Validation skipping write tests
[    2.760899] scsi target2:0:1: Ending Domain Validation
[    2.763276] scsi target2:0:1: asynchronous
[    2.830915] sd 2:0:0:0: Attached scsi generic sg0 type 0
[    2.833743] sd 2:0:0:0: [sda] 83886080 512-byte logical blocks: (42.9 GB/40.0 GiB)
[    2.837251] sd 2:0:1:0: Attached scsi generic sg1 type 0
[    2.839712] sd 2:0:0:0: [sda] Write Protect is off
[    2.842180] sd 2:0:1:0: [sdb] 20480 512-byte logical blocks: (10.5 MB/10.0 MiB)
[    2.851720] sd 2:0:1:0: [sdb] Write Protect is off
[    2.859459] sd 2:0:0:0: [sda] Incomplete mode parameter data
[    2.862494] sd 2:0:0:0: [sda] Assuming drive cache: write through
[    2.866289] sd 2:0:1:0: [sdb] Incomplete mode parameter data
[    2.869575] sd 2:0:1:0: [sdb] Assuming drive cache: write through
[    2.887589]  sda: sda1
[    2.892589] sd 2:0:0:0: [sda] Attached SCSI disk
[    2.896736] sd 2:0:1:0: [sdb] Attached SCSI disk
[    3.330470] e1000 0000:00:08.0 eth1: (PCI:33MHz:32-bit) 08:00:27:82:64:b8
[    3.334080] e1000 0000:00:08.0 eth1: Intel(R) PRO/1000 Network Connection
[    3.339896] e1000 0000:00:08.0 enp0s8: renamed from eth1
[    3.361220] e1000 0000:00:03.0 enp0s3: renamed from eth0
Begin: Loading essential drivers ... [    5.331164] raid6: sse2x1   gen()  7241 MB/s
[    5.396287] raid6: sse2x1   xor()  4588 MB/s
[    5.461460] raid6: sse2x2   gen()  8234 MB/s
[    5.523388] raid6: sse2x2   xor()  3529 MB/s
[    5.589610] raid6: sse2x4   gen()  6421 MB/s
[    5.652104] raid6: sse2x4   xor()  2743 MB/s
[    5.707224] raid6: avx2x1   gen()  6277 MB/s
[    5.771896] raid6: avx2x1   xor()  4894 MB/s
[    5.841954] raid6: avx2x2   gen()  7347 MB/s
[    5.909195] raid6: avx2x2   xor()  5661 MB/s
[    5.976010] raid6: avx2x4   gen()  7170 MB/s
[    6.042289] raid6: avx2x4   xor()  4294 MB/s
[    6.044727] raid6: using algorithm sse2x2 gen() 8234 MB/s
[    6.047404] raid6: .... xor() 3529 MB/s, rmw enabled
[    6.049282] raid6: using avx2x2 recovery algorithm
[    6.054107] xor: automatically using best checksumming function   avx       
[    6.059534] async_tx: api initialized (async)
done.
Begin: Running /scripts/init-premount ... done.
Begin: Mounting root file system ... Begin: Running /scripts/local-top ... done.
Begin: Running /scripts/local-premount ... [    6.158631] Btrfs loaded, crc32c=crc32c-intel
Scanning for Btrfs filesystems
done.
Warning: fsck not present, so skipping root file system
[    6.201745] EXT4-fs (sda1): INFO: recovery required on readonly filesystem
[    6.204338] EXT4-fs (sda1): write access will be enabled during recovery
[    6.271532] EXT4-fs (sda1): recovery complete
[    6.275105] EXT4-fs (sda1): mounted filesystem with ordered data mode. Opts: (null)
done.
Begin: Running /scripts/local-bottom ... done.
Begin: Running /scripts/init-bottom ... done.
[    6.547119] ip_tables: (C) 2000-2006 Netfilter Core Team
[    6.564781] systemd[1]: systemd 237 running in system mode. (+PAM +AUDIT +SELINUX +IMA +APPARMOR +SMACK +SYSVINIT +UTMP +LIBCRYPTSETUP +GCRYPT +GNUTLS +ACL +XZ +LZ4 +SECCOMP +BLKID +ELFUTILS +KMOD -IDN2 +IDN -PCRE2 default-hierarchy=hybrid)
[    6.571782] systemd[1]: Detected virtualization oracle.
[    6.573704] systemd[1]: Detected architecture x86-64.

Welcome to [1mUbuntu 18.04.6 LTS[0m!

[    6.579500] systemd[1]: Set hostname to <maissatS>.
[    6.935156] systemd[368]: /lib/systemd/system-generators/netplan failed with exit status 1.
[    7.117155] systemd[1]: Reached target User and Group Name Lookups.
[[0;32m  OK  [0m] Reached target User and Group Name Lookups.
[    7.122118] systemd[1]: Created slice System Slice.
[[0;32m  OK  [0m] Created slice System Slice.
[    7.125093] systemd[1]: Listening on Journal Socket (/dev/log).
[[0;32m  OK  [0m] Listening on Journal Socket (/dev/log).
[    7.128708] systemd[1]: Listening on /dev/initctl Compatibility Named Pipe.
[[0;32m  OK  [0m] Listening on /dev/initctl Compatibility Named Pipe.
[    7.132251] systemd[1]: Listening on Syslog Socket.
[[0;32m  OK  [0m] Listening on Syslog Socket.
[[0;32m  OK  [0m] Listening on Journal Socket.
         Mounting Kernel Debug File System...
         Starting Set the console keyboard layout...
         Starting Create list of required st…ce nodes for the current kernel...
         Mounting POSIX Message Queue File System...
[[0;32m  OK  [0m] Listening on LVM2 poll daemon socket.
[[0;32m  OK  [0m] Started Forward Password Requests to Wall Directory Watch.
[[0;32m  OK  [0m] Listening on Device-mapper event daemon FIFOs.
[[0;32m  OK  [0m] Created slice system-serial\x2dgetty.slice.
[[0;32m  OK  [0m] Created slice User and Session Slice.
[[0;32m  OK  [0m] Reached target Slices.
[[0;32m  OK  [0m] Listening on Journal Audit Socket.
[[0;32m  OK  [0m] Listening on Network Service Netlink Socket.
[[0;32m  OK  [0m] Listening on fsck to fsckd communication Socket.
         Starting File System Check on Root Device...
         Starting Journal Service...
[[0;32m  OK  [0m] Set up automount Arbitrary Executab…rmats File System Automount Point.
[[0;32m  OK  [0m] Listening on udev Kernel Socket.
[[0;32m  OK  [0m] Listening on udev Control Socket.
         Starting udev Coldplug all Devices...
[[0;32m  OK  [0m] Reached target Mounting snaps.
[[0;32m  OK  [0m] Reached target Mounted snaps.
[[0;32m  OK  [0m] Reached target Swap.
         Mounting Huge Pages File System...
         Starting Uncomplicated firewall...
[[0;32m  OK  [0m] Listening on LVM2 metadata daemon socket.
         Starting Monitoring of LVM2 mirrors…ng dmeventd or progress polling...
[[0;32m  OK  [0m] Reached target System Time Synchronized.
         Starting Load Kernel Modules...
[[0;32m  OK  [0m] Mounted Kernel Debug File System.
[[0;32m  OK  [0m] Started Create list of required sta…vice nodes for the current kernel.
[[0;32m  OK  [0m] Mounted POSIX Message Queue File System.
[[0;32m  OK  [0m] Started File System Check on Root Device.
[[0;32m  OK  [0m] Mounted Huge Pages File System.
[[0;32m  OK  [0m] Started Uncomplicated firewall.
[[0;32m  OK  [0m] Started File System Check Daemon to report status.
         Starting Remount Root and Kernel File Systems...
         Starting Create Static Device Nodes in /dev...
[[0;32m  OK  [0m] Started LVM2 metadata daemon.
[[0;32m  OK  [0m] Started Create Static Device Nodes in /dev.
[    7.456449] Loading iSCSI transport class v2.0-870.
[[    7.473958] EXT4-fs (sda1): re-mounted. Opts: (null)
[0;32m  OK  [0m] Started Journal Service.
[[0;32m  OK  [0m] Started Remount Root and Kernel File Systems.
         Starting Load/Save Random Seed...
         Starting udev Kernel Device Manager...
         Starting Flush Journal to Persistent Storage...
[[0;32m  OK  [0m] Started Monitoring of LVM2 mirrors,…sing dmeventd or progress polling.
[[0;32m  OK  [0m] Started udev Coldplug all Devices.
[[0;32m  OK  [0m] Started Load/Save Random Seed.
[    7.570290] systemd-journald[402]: Received request to flush runtime journal from PID 1
[[0;32m  OK  [0m] Started udev Kernel Device Manager.
[    7.609588] iscsi: registered transport (tcp)
[[0;32m  OK  [0m] Started Set the console keyboard layout.
[    7.667674] systemd-journald[402]: File /var/log/journal/cc8355cba3074efcb42838ea99082dac/system.journal corrupted or uncleanly shut down, renaming and replacing.
[[0;32m  OK  [0m] Started Dispatch Password Requests to Console Directory Watch.
[[0;32m  OK  [0m] Reached target Local Encrypted Volumes.
[[0;32m  OK  [0m] Reached target Local File Systems (Pre).
[[0;32m  OK  [0m] Reached target Local File Systems.
         Starting ebtables ruleset management...
         Starting AppArmor initialization...
         Starting Set console font and keymap...
         Starting Tell Plymouth To Write Out Runtime Data...
[[0;32m  OK  [0m] Started Set console font and keymap.
[[0;32m  OK  [0m] Started Tell Plymouth To Write Out Runtime Data.
[    7.807119] iscsi: registered transport (iser)
[[0;32m  OK  [0m] Started Load Kernel Modules.
         Starting Apply Kernel Variables...
         Mounting FUSE Control File System...
         Mounting Kernel Configuration File System...
[[0;32m  OK  [0m] Started Flush Journal to Persistent Storage.
         Starting Create Volatile Files and Directories...
[[0;32m  OK  [0m] Mounted FUSE Control File System.
[[0;32m  OK  [0m] Mounted Kernel Configuration File System.
[[0;32m  OK  [0m] Started Apply Kernel Variables.
[[0;32m  OK  [0m] Started Create Volatile Files and Directories.
         Starting Update UTMP about System Boot/Shutdown...
[[0;32m  OK  [0m] Started Update UTMP about System Boot/Shutdown.
[[0;32m  OK  [0m] Started ebtables ruleset management.
[[0;32m  OK  [0m] Started AppArmor initialization.
         Starting Initial cloud-init job (pre-networking)...
         Starting Load AppArmor profiles managed internally by snapd...
         Mounting Arbitrary Executable File Formats File System...
[[0;32m  OK  [0m] Mounted Arbitrary Executable File Formats File System.
[[0;32m  OK  [0m] Started Load AppArmor profiles managed internally by snapd.
[[0;32m  OK  [0m] Found device /dev/ttyS0.
[[0;32m  OK  [0m] Listening on Load/Save RF Kill Switch Status /dev/rfkill Watch.
[   10.846254] cloud-init[517]: Cloud-init v. 23.1.2-0ubuntu0~18.04.1 running 'init-local' at Fri, 18 Sep 2026 12:03:04 +0000. Up 10.59 seconds.
[[0;32m  OK  [0m] Started Initial cloud-init job (pre-networking).
[[0;32m  OK  [0m] Reached target Network (Pre).
         Starting Network Service...
[[0;32m  OK  [0m] Started Network Service.
         Starting Wait for Network to be Configured...
         Starting Network Name Resolution...
[[0;32m  OK  [0m] Started Wait for Network to be Configured.
         Starting Initial cloud-init job (metadata service crawler)...
[[0;32m  OK  [0m] Started Network Name Resolution.
[[0;32m  OK  [0m] Reached target Network.
[[0;32m  OK  [0m] Reached target Host and Network Name Lookups.
[   12.419774] cloud-init[651]: Cloud-init v. 23.1.2-0ubuntu0~18.04.1 running 'init' at Fri, 18 Sep 2026 12:03:06 +0000. Up 12.04 seconds.
[   12.441130] cloud-init[651]: ci-info: +++++++++++++++++++++++++++Net device info++++++++++++++++++++++++++++
[   12.456559] cloud-init[651]: ci-info: +--------+-------+-----------+-----------+-------+-------------------+
[   12.469250] cloud-init[651]: ci-info: | Device |   Up  |  Address  |    Mask   | Scope |     Hw-Address    |
[   12.486109] cloud-init[651]: ci-info: +--------+-------+-----------+-----------+-------+-------------------+
[   12.489331] cloud-init[651]: ci-info: | enp0s3 | False |     .     |     .     |   .   | 02:3b:7b:b7:3b:2d |
[   12.515440] cloud-init[651]: ci-info: | enp0s8 | False |     .     |     .     |   .   | 08:00:27:82:64:b8 |
[   12.540385] cloud-init[651]: ci-info: |   lo   |  True | 127.0.0.1 | 255.0.0.0 |  host |         .         |
[   12.553735] cloud-init[651]: ci-info: |   lo   |  True |  ::1/128  |     .     |  host |         .         |
[   12.557548] cloud-init[651]: ci-info: +--------+-------+-----------+-----------+-------+-------------------+
[   12.572548] cloud-init[651]: ci-info: +++++++++++++++++++Route IPv6 info+++++++++++++++++++
[   12.574909] cloud-init[651]: ci-info: +-------+-------------+---------+-----------+-------+
[   12.592941] cloud-init[651]: ci-info: | Route | Destination | Gateway | Interface | Flags |
[   12.604747] cloud-init[651]: ci-info: +-------+-------------+---------+-----------+-------+
[   12.607329] cloud-init[651]: ci-info: +-------+-------------+---------+-----------+-------+
[[0;32m  OK  [0m] Started Initial cloud-init job (metadata service crawler).
[[0;32m  OK  [0m] Reached target System Initialization.
[[0;32m  OK  [0m] Started Message of the Day.
[[0;32m  OK  [0m] Listening on D-Bus System Message Bus Socket.
[[0;32m  OK  [0m] Listening on cloud-init hotplug hook socket.
         Starting LXD - unix socket.
[[0;32m  OK  [0m] Started Daily apt download activities.
[[0;32m  OK  [0m] Started Daily apt upgrade and clean activities.
         Starting Socket activation for snappy daemon.
[[0;32m  OK  [0m] Listening on UUID daemon activation socket.
[[0;32m  OK  [0m] Started Daily Cleanup of Temporary Directories.
[[0;32m  OK  [0m] Started ACPI Events Check.
[[0;32m  OK  [0m] Reached target Paths.
[[0;32m  OK  [0m] Started Discard unused blocks once a week.
[[0;32m  OK  [0m] Started Ubuntu Advantage Timer for running repeated jobs.
[[0;32m  OK  [0m] Reached target Timers.
[[0;32m  OK  [0m] Listening on Open-iSCSI iscsid Socket.
[[0;32m  OK  [0m] Listening on ACPID Listen Socket.
[[0;32m  OK  [0m] Reached target Cloud-config availability.
[[0;32m  OK  [0m] Reached target Network is Online.
[[0;32m  OK  [0m] Reached target Remote File Systems (Pre).
[[0;32m  OK  [0m] Reached target Remote File Systems.
         Starting Availability of block devices...
[[0;32m  OK  [0m] Listening on LXD - unix socket.
[[0;32m  OK  [0m] Listening on Socket activation for snappy daemon.
[[0;32m  OK  [0m] Started Availability of block devices.
[[0;32m  OK  [0m] Reached target Sockets.
[[0;32m  OK  [0m] Reached target Basic System.
[[0;32m  OK  [0m] Started FUSE filesystem for LXC.
         Starting Dispatcher daemon for systemd-networkd...
         Starting Permit User Sessions...
         Starting Virtualbox guest utils...
         Starting Snap Daemon...
[[0;32m  OK  [0m] Started Regular background program processing daemon.
[[0;32m  OK  [0m] Started irqbalance daemon.
         Starting Accounts Service...
[[0;32m  OK  [0m] Reached target Login Prompts (Pre).
         Starting LSB: Record successful boot for GRUB...
         Starting Pollinate to seed the pseudo random number generator...
         Starting Login Service...
[[0;32m  OK  [0m] Started D-Bus System Message Bus.
[[0;32m  OK  [0m] Started Login Service.
         Starting System Logging Service...
         Starting LSB: automatic crash report generation...
[[0;32m  OK  [0m] Started Unattended Upgrades Shutdown.
[[0;32m  OK  [0m] Started Deferred execution scheduler.
         Starting Message of the Day...
         Starting LXD - container startup/shutdown...
[[0;32m  OK  [0m] Started System Logging Service.
[[0;32m  OK  [0m] Started Permit User Sessions.
         Starting Terminate Plymouth Boot Screen...
         Starting Hold until boot process finishes up...
[[0;32m  OK  [0m] Started Hold until boot process finishes up.
         Starting Set console scheme...
[[0;32m  OK  [0m] Started Serial Getty on ttyS0.
[[0;32m  OK  [0m] Started Terminate Plymouth Boot Screen.
[[0;32m  OK  [0m] Started Set console scheme.
[[0;32m  OK  [0m] Created slice system-getty.slice.
[[0;32m  OK  [0m] Started Getty on tty1.
[[0;32m  OK  [0m] Reached target Login Prompts.
         Starting Authorization Manager...
[[0;32m  OK  [0m] Started LSB: automatic crash report generation.
[[0;32m  OK  [0m] Started Virtualbox guest utils.
[[0;32m  OK  [0m] Started LSB: Record successful boot for GRUB.
[[0;32m  OK  [0m] Started LXD - container startup/shutdown.
[[0;32m  OK  [0m] Started Authorization Manager.
[[0;32m  OK  [0m] Started Accounts Service.
[[0;32m  OK  [0m] Started Dispatcher daemon for systemd-networkd.
[[0;32m  OK  [0m] Started Pollinate to seed the pseudo random number generator.
         Starting OpenBSD Secure Shell server...
[[0;32m  OK  [0m] Started OpenBSD Secure Shell server.
[[0;32m  OK  [0m] Started Snap Daemon.
         Starting Wait until snapd is fully seeded...
         Starting Time & Date Service...
[[0;32m  OK  [0m] Started Time & Date Service.
[[0;32m  OK  [0m] Started Wait until snapd is fully seeded.
         Starting Apply the settings specified in cloud-config...
[[0;32m  OK  [0m] Started Message of the Day.
[   16.615508] cloud-init[980]: Cloud-init v. 23.1.2-0ubuntu0~18.04.1 running 'modules:config' at Fri, 18 Sep 2026 12:03:10 +0000. Up 16.46 seconds.
[[0;32m  OK  [0m] Started Apply the settings specified in cloud-config.
[[0;32m  OK  [0m] Reached target Multi-User System.
[[0;32m  OK  [0m] Reached target Graphical Interface.
         Starting Update UTMP about System Runlevel Changes...
         Starting Execute cloud user/final scripts...
[[0;32m  OK  [0m] Started Update UTMP about System Runlevel Changes.
[   17.537223] cloud-init[1024]: Cloud-init v. 23.1.2-0ubuntu0~18.04.1 running 'modules:final' at Fri, 18 Sep 2026 12:03:11 +0000. Up 17.35 seconds.
[   17.539647] cloud-init[1024]: Cloud-init v. 23.1.2-0ubuntu0~18.04.1 finished at Fri, 18 Sep 2026 12:03:11 +0000. Datasource DataSourceNoCloud [seed=/dev/sdb][dsmode=net].  Up 17.52 seconds
[[0;32m  OK  [0m] Started Execute cloud user/final scripts.
[[0;32m  OK  [0m] Reached target Cloud-init target.
         Starting Daily apt download activities...
         Starting Update APT News...
         Starting Update the local ESM caches...

Ubuntu 18.04.6 LTS maissatS ttyS0

maissatS login: 